Tue Jan 23 01:12:47 UTC 2018
Tue Jan 23 01:12:48 UTC 2018
Tue Jan 23 01:12:49 UTC 2018
Tue Jan 23 01:12:50 UTC 2018
Tue Jan 23 01:12:51 UTC 2018
Tue Jan 23 01:12:52 UTC 2018
Tue Jan 23 01:12:53 UTC 2018
Tue Jan 23 01:12:54 UTC 2018
Tue Jan 23 01:12:55 UTC 2018
Tue Jan 23 01:12:56 UTC 2018
Tue Jan 23 01:12:57 UTC 2018
Tue Jan 23 01:12:58 UTC 2018
Tue Jan 23 01:12:59 UTC 2018
Tue Jan 23 01:13:00 UTC 2018
Tue Jan 23 01:13:01 UTC 2018
Tue Jan 23 01:13:02 UTC 2018
Tue Jan 23 01:13:03 UTC 2018
Tue Jan 23 01:13:04 UTC 2018
Tue Jan 23 01:13:05 UTC 2018
Tue Jan 23 01:13:06 UTC 2018
Tue Jan 23 01:13:07 UTC 2018
Tue Jan 23 01:13:08 UTC 2018
Tue Jan 23 01:14:21 UTC 2018
Tue Jan 23 01:14:22 UTC 2018
Tue Jan 23 01:14:23 UTC 2018
Tue Jan 23 01:14:24 UTC 2018
Tue Jan 23 01:14:25 UTC 2018
Tue Jan 23 01:14:26 UTC 2018
Tue Jan 23 01:14:27 UTC 2018
Tue Jan 23 01:14:28 UTC 2018
Tue Jan 23 01:14:29 UTC 2018
Tue Jan 23 01:14:30 UTC 2018
Tue Jan 23 01:14:31 UTC 2018
Tue Jan 23 01:14:32 UTC 2018
Tue Jan 23 01:14:33 UTC 2018
